
> ovulite-frontend@0.1.0 build
> tsc -b && vite build

src/components/GoogleAuthButton.tsx(1,23): error TS6133: 'useGoogleLogin' is declared but its value is never read.
src/components/GoogleAuthButton.tsx(14,11): error TS2339: Property 'loginFromGoogle' does not exist on type 'AuthContextType'.
src/layouts/AppLayout.tsx(42,9): error TS6133: 'displayName' is declared but its value is never read.
src/pages/AdminDashboard.tsx(5,39): error TS6133: 'Legend' is declared but its value is never read.
src/pages/ModelPerformancePage.tsx(6,10): error TS6133: 'TrendingUp' is declared but its value is never read.
src/pages/ModelPerformancePage.tsx(6,22): error TS6133: 'TrendingDown' is declared but its value is never read.
src/pages/ModelPerformancePage.tsx(8,11): error TS6196: 'ModelMetrics' is declared but never used.
src/pages/ModelPerformancePage.tsx(50,57): error TS2339: Property 'model_version' does not exist on type 'ModelPerformance'.
src/pages/ModelPerformancePage.tsx(50,95): error TS2339: Property 'last_trained' does not exist on type 'ModelPerformance'.
src/pages/ModelPerformancePage.tsx(57,52): error TS2339: Property 'test_metrics' does not exist on type 'ModelPerformance'.
src/pages/ModelPerformancePage.tsx(58,46): error TS2339: Property 'test_metrics' does not exist on type 'ModelPerformance'.
src/pages/ModelPerformancePage.tsx(59,48): error TS2339: Property 'test_metrics' does not exist on type 'ModelPerformance'.
src/pages/ModelPerformancePage.tsx(60,45): error TS2339: Property 'test_metrics' does not exist on type 'ModelPerformance'.
src/pages/ModelPerformancePage.tsx(79,21): error TS2339: Property 'test_metrics' does not exist on type 'ModelPerformance'.
src/pages/ModelPerformancePage.tsx(90,71): error TS2339: Property 'confusion_matrix' does not exist on type 'ModelPerformance'.
src/pages/ModelPerformancePage.tsx(94,69): error TS2339: Property 'confusion_matrix' does not exist on type 'ModelPerformance'.
src/pages/ModelPerformancePage.tsx(98,71): error TS2339: Property 'confusion_matrix' does not exist on type 'ModelPerformance'.
src/pages/ModelPerformancePage.tsx(102,69): error TS2339: Property 'confusion_matrix' does not exist on type 'ModelPerformance'.
src/pages/ModelPerformancePage.tsx(152,86): error TS2339: Property 'overall_system_accuracy' does not exist on type 'CombinedPerformance'.
src/pages/ModelPerformancePage.tsx(153,33): error TS2339: Property 'overall_system_accuracy' does not exist on type 'CombinedPerformance'.
src/pages/ModelPerformancePage.tsx(157,30): error TS2339: Property 'overall_system_accuracy' does not exist on type 'CombinedPerformance'.
src/pages/ModelPerformancePage.tsx(164,34): error TS2339: Property 'overall_system_accuracy' does not exist on type 'CombinedPerformance'.
src/pages/ModelPerformancePage.tsx(170,30): error TS2339: Property 'overall_system_accuracy' does not exist on type 'CombinedPerformance'.
src/pages/ModelPerformancePage.tsx(187,45): error TS2339: Property 'pregnancy_model' does not exist on type 'CombinedPerformance'.
src/pages/ModelPerformancePage.tsx(196,32): error TS2339: Property 'pregnancy_model' does not exist on type 'CombinedPerformance'.
src/pages/ModelPerformancePage.tsx(196,77): error TS7006: Parameter 'p' implicitly has an 'any' type.
src/pages/ModelPerformancePage.tsx(196,80): error TS7006: Parameter 'i' implicitly has an 'any' type.
src/pages/ModelPerformancePage.tsx(215,32): error TS2339: Property 'pregnancy_model' does not exist on type 'CombinedPerformance'.
src/pages/ModelPerformancePage.tsx(215,79): error TS7006: Parameter 't' implicitly has an 'any' type.
src/pages/ModelPerformancePage.tsx(215,82): error TS7006: Parameter 'i' implicitly has an 'any' type.
src/pages/ModelPerformancePage.tsx(237,32): error TS2339: Property 'pregnancy_model' does not exist on type 'CombinedPerformance'.
src/pages/ModelPerformancePage.tsx(237,76): error TS7006: Parameter 'f' implicitly has an 'any' type.
src/pages/ModelPerformancePage.tsx(237,79): error TS7006: Parameter 'i' implicitly has an 'any' type.
src/pages/ModelPerformancePage.tsx(258,45): error TS2339: Property 'grading_model' does not exist on type 'CombinedPerformance'.
src/pages/ModelPerformancePage.tsx(262,45): error TS2339: Property 'qc_model' does not exist on type 'CombinedPerformance'.
src/pages/ModelPerformancePage.tsx(279,33): error TS2339: Property 'pregnancy_model' does not exist on type 'CombinedPerformance'.
src/pages/ModelPerformancePage.tsx(279,83): error TS2339: Property 'pregnancy_model' does not exist on type 'CombinedPerformance'.
src/pages/ModelPerformancePage.tsx(285,33): error TS2339: Property 'pregnancy_model' does not exist on type 'CombinedPerformance'.
src/pages/ModelPerformancePage.tsx(285,83): error TS2339: Property 'pregnancy_model' does not exist on type 'CombinedPerformance'.
src/pages/OvuliteLandingPage.tsx(487,27): error TS6133: 'reduceMotion' is declared but its value is never read.
src/pages/OvuliteLandingPage.tsx(748,10): error TS6133: 'BiologyScene' is declared but its value is never read.
src/pages/PredictionPage.tsx(7,3): error TS6133: 'TrendingUp' is declared but its value is never read.
src/pages/PredictionPage.tsx(8,3): error TS6133: 'TrendingDown' is declared but its value is never read.
src/pages/PredictionPage.tsx(9,3): error TS6133: 'Minus' is declared but its value is never read.
src/pages/PredictionPage.tsx(16,1): error TS6192: All imports in import declaration are unused.
src/pages/ReportsExportPage.tsx(3,22): error TS7016: Could not find a declaration file for module 'canvas-confetti'. 'D:/Ovulite new/frontend/node_modules/canvas-confetti/src/confetti.js' implicitly has an 'any' type.
  Try `npm i --save-dev @types/canvas-confetti` if it exists or add a new declaration (.d.ts) file containing `declare module 'canvas-confetti';`
src/pages/ReportsExportPage.tsx(6,40): error TS6133: 'Clock' is declared but its value is never read.
src/pages/ReportsExportPage.tsx(12,1): error TS6133: 'Badge' is declared but its value is never read.
src/pages/ReportsExportPage.tsx(27,10): error TS6133: 'error' is declared but its value is never read.
src/pages/ReportsExportPage.tsx(29,10): error TS6133: 'showInfoModal' is declared but its value is never read.
